#
# An unexpected error has occurred (11)
#
Stack:
/tools/Xilinx/Vivado/2021.1/tps/lnx64/jre11.0.2/lib//server/libjvm.so(+0xc04c3b) [0x7ed161004c3b]
/tools/Xilinx/Vivado/2021.1/tps/lnx64/jre11.0.2/lib//server/libjvm.so(JVM_handle_linux_signal+0x14e) [0x7ed1610098de]
/tools/Xilinx/Vivado/2021.1/tps/lnx64/jre11.0.2/lib//server/libjvm.so(+0xbfd538) [0x7ed160ffd538]
/lib/x86_64-linux-gnu/libc.so.6(+0x42520) [0x7ed1c1c42520]
/lib/x86_64-linux-gnu/libc.so.6(+0x1a2bb2) [0x7ed1c1da2bb2]
/tools/Xilinx/Vivado/2021.1/lib/lnx64.o/librdi_labtools.so(LTDHWIlaManager::getHWIlaForLocation(std::__cxx11::basic_string<char, std::char_traits<char>, std::allocator<char> > const&, std::__cxx11::basic_string<char, std::char_traits<char>, std::allocator<char> > const&)+0xa6) [0x7ed16ae1b806]
/tools/Xilinx/Vivado/2021.1/lib/lnx64.o/librdi_labtools.so(LTDHWProbeUpdater::doUpdateEdaProbes(LTDHWDevice*, bool, HDDCProbeManager*, boost::shared_ptr<HDDCProbeCopyGroup>, LTDPerformanceTimer*, std::shared_ptr<LTDProbeFileInfo>)+0x8e6) [0x7ed16ae48326]
/tools/Xilinx/Vivado/2021.1/lib/lnx64.o/librdi_labtools.so(LTDHWProbeUpdater::updateXsdbProbes(LTDHWDevice*, std::vector<std::__cxx11::basic_string<char, std::char_traits<char>, std::allocator<char> >, std::allocator<std::__cxx11::basic_string<char, std::char_traits<char>, std::allocator<char> > > > const&, bool, HDDCProbeManager*, boost::shared_ptr<HDDCProbeCopyGroup>, std::map<std::__cxx11::basic_string<char, std::char_traits<char>, std::allocator<char> >, std::__cxx11::basic_string<char, std::char_traits<char>, std::allocator<char> >, std::less<std::__cxx11::basic_string<char, std::char_traits<char>, std::allocator<char> > >, std::allocator<std::pair<std::__cxx11::basic_string<char, std::char_traits<char>, std::allocator<char> > const, std::__cxx11::basic_string<char, std::char_traits<char>, std::allocator<char> > > > >&, LTDPerformanceTimer*, std::__cxx11::basic_string<char, std::char_traits<char>, std::allocator<char> >)+0x163) [0x7ed16ae49903]
/tools/Xilinx/Vivado/2021.1/lib/lnx64.o/librdi_labtools.so(LTDHWDevice::refreshXsdbProbes(bool, LTDHWWaveManager*, HDDCProbeManager*, boost::shared_ptr<HDDCProbeCopyGroup>, LTDPerformanceTimer*)+0x21b) [0x7ed16ad82c6b]
/tools/Xilinx/Vivado/2021.1/lib/lnx64.o/librdi_labtoolstasks.so(+0x6a2a97) [0x7ed139aa2a97]
/tools/Xilinx/Vivado/2021.1/lib/lnx64.o/librdi_common.so(+0xa66802) [0x7ed1c3666802]
/tools/Xilinx/Vivado/2021.1/lib/lnx64.o/libtcl8.5.so(+0x3356f) [0x7ed1bbc3356f]
/tools/Xilinx/Vivado/2021.1/lib/lnx64.o/libtcl8.5.so(+0x76945) [0x7ed1bbc76945]
/tools/Xilinx/Vivado/2021.1/lib/lnx64.o/libtcl8.5.so(+0x7e0f9) [0x7ed1bbc7e0f9]
/tools/Xilinx/Vivado/2021.1/lib/lnx64.o/libtcl8.5.so(TclEvalObjEx+0x76) [0x7ed1bbc35216]
/tools/Xilinx/Vivado/2021.1/lib/lnx64.o/librdi_common.so(+0xa650ef) [0x7ed1c36650ef]
/tools/Xilinx/Vivado/2021.1/lib/lnx64.o/libtcl8.5.so(Tcl_ServiceEvent+0x7f) [0x7ed1bbca7bef]
/tools/Xilinx/Vivado/2021.1/lib/lnx64.o/libtcl8.5.so(Tcl_DoOneEvent+0x154) [0x7ed1bbca7f24]
/tools/Xilinx/Vivado/2021.1/lib/lnx64.o/librdi_commontasks.so(+0x24a955) [0x7ed1b444a955]
/tools/Xilinx/Vivado/2021.1/lib/lnx64.o/librdi_commontasks.so(+0x24da85) [0x7ed1b444da85]
/tools/Xilinx/Vivado/2021.1/lib/lnx64.o/librdi_commontasks.so(+0x24eaae) [0x7ed1b444eaae]
/tools/Xilinx/Vivado/2021.1/lib/lnx64.o/librdi_common.so(+0xa66802) [0x7ed1c3666802]
/tools/Xilinx/Vivado/2021.1/lib/lnx64.o/libtcl8.5.so(+0x3356f) [0x7ed1bbc3356f]
/tools/Xilinx/Vivado/2021.1/lib/lnx64.o/libtcl8.5.so(+0x76945) [0x7ed1bbc76945]
/tools/Xilinx/Vivado/2021.1/lib/lnx64.o/libtcl8.5.so(+0x7e0f9) [0x7ed1bbc7e0f9]
/tools/Xilinx/Vivado/2021.1/lib/lnx64.o/libtcl8.5.so(TclEvalObjEx+0x76) [0x7ed1bbc35216]
/tools/Xilinx/Vivado/2021.1/lib/lnx64.o/librdi_commonmain.so(+0xce23) [0x7ed1c280ce23]
/tools/Xilinx/Vivado/2021.1/lib/lnx64.o/libtcl8.5.so(Tcl_Main+0x1d0) [0x7ed1bbca02f0]
/tools/Xilinx/Vivado/2021.1/lib/lnx64.o/librdi_common.so(+0xaa710b) [0x7ed1c36a710b]
/lib/x86_64-linux-gnu/libc.so.6(+0x94ac3) [0x7ed1c1c94ac3]
/lib/x86_64-linux-gnu/libc.so.6(+0x126850) [0x7ed1c1d26850]
