#-----------------------------------------------------------
# Vivado v2021.1 (64-bit)
# SW Build 3247384 on Thu Jun 10 19:36:07 MDT 2021
# IP Build 3246043 on Fri Jun 11 00:30:35 MDT 2021
# Start of session at: Thu Apr 25 10:31:46 2024
# Process ID: 167675
# Current directory: /home/zaidtahir/projects/Git_synched_repos/DISL/subsystems/network_subsystem/tb/top
# Command line: vivado
# Log file: /home/zaidtahir/projects/Git_synched_repos/DISL/subsystems/network_subsystem/tb/top/vivado.log
# Journal file: /home/zaidtahir/projects/Git_synched_repos/DISL/subsystems/network_subsystem/tb/top/vivado.jou
#-----------------------------------------------------------
start_gui
open_hw_manager
connect_hw_server -allow_non_jtag
open_hw_target
current_hw_device [get_hw_devices xc7a100t_0]
refresh_hw_device -update_hw_probes false [lindex [get_hw_devices xc7a100t_0] 0]
set_property PROBES.FILE {/home/zaidtahir/projects/Git_synched_repos/DISL/build/edgetestbed_a100T27_SYN_ILA_Modified_Pre_VIVADO_SIM/edgetestbed_a100T27_SYN_ILA_Modified_Pre_VIVADO_SIM.runs/impl_1/top.ltx} [get_hw_devices xc7a100t_0]
set_property FULL_PROBES.FILE {/home/zaidtahir/projects/Git_synched_repos/DISL/build/edgetestbed_a100T27_SYN_ILA_Modified_Pre_VIVADO_SIM/edgetestbed_a100T27_SYN_ILA_Modified_Pre_VIVADO_SIM.runs/impl_1/top.ltx} [get_hw_devices xc7a100t_0]
set_property PROGRAM.FILE {/home/zaidtahir/projects/Git_synched_repos/DISL/build/edgetestbed_a100T27_SYN_ILA_Modified_Pre_VIVADO_SIM/edgetestbed_a100T27_SYN_ILA_Modified_Pre_VIVADO_SIM.runs/impl_1/top.bit} [get_hw_devices xc7a100t_0]
program_hw_devices [get_hw_devices xc7a100t_0]
refresh_hw_device [lindex [get_hw_devices xc7a100t_0] 0]
