#-----------------------------------------------------------
# Vivado v2021.1 (64-bit)
# SW Build 3247384 on Thu Jun 10 19:36:07 MDT 2021
# IP Build 3246043 on Fri Jun 11 00:30:35 MDT 2021
# Start of session at: Thu Apr 25 10:31:46 2024
# Process ID: 167675
# Current directory: /home/zaidtahir/projects/Git_synched_repos/DISL/subsystems/network_subsystem/tb/top
# Command line: vivado
# Log file: /home/zaidtahir/projects/Git_synched_repos/DISL/subsystems/network_subsystem/tb/top/vivado.log
# Journal file: /home/zaidtahir/projects/Git_synched_repos/DISL/subsystems/network_subsystem/tb/top/vivado.jou
#-----------------------------------------------------------
start_gui
open_hw_manager
INFO: [IP_Flow 19-234] Refreshing IP repositories
INFO: [IP_Flow 19-1704] No user IP repositories specified
INFO: [IP_Flow 19-2313] Loaded Vivado IP repository '/tools/Xilinx/Vivado/2021.1/data/ip'.
open_hw_manager: Time (s): cpu = 00:00:16 ; elapsed = 00:00:08 . Memory (MB): peak = 7453.090 ; gain = 60.109 ; free physical = 2363 ; free virtual = 5529
connect_hw_server -allow_non_jtag
INFO: [Labtools 27-2285] Connecting to hw_server url TCP:localhost:3121
INFO: [Labtools 27-2222] Launching hw_server...
INFO: [Labtools 27-2221] Launch Output:

****** Xilinx hw_server v2021.1
  **** Build date : Jun 10 2021 at 20:11:57
    ** Copyright 1986-2021 Xilinx, Inc. All Rights Reserved.


INFO: [Labtools 27-3415] Connecting to cs_server url TCP:localhost:3042
INFO: [Labtools 27-3417] Launching cs_server...
INFO: [Labtools 27-2221] Launch Output:


******** Xilinx cs_server v2021.1
  ****** Build date   : May 26 2021-13:32:33
    **** Build number : 2021.1.1622050353
      ** Copyright 2017-2024 Xilinx, Inc. All Rights Reserved.



connect_hw_server: Time (s): cpu = 00:00:03 ; elapsed = 00:00:07 . Memory (MB): peak = 7455.195 ; gain = 2.105 ; free physical = 2236 ; free virtual = 5467
open_hw_target
INFO: [Labtoolstcl 44-466] Opening hw_target localhost:3121/xilinx_tcf/Digilent/210319B26B7BA
open_hw_target: Time (s): cpu = 00:00:10 ; elapsed = 00:00:11 . Memory (MB): peak = 8338.195 ; gain = 883.000 ; free physical = 689 ; free virtual = 3920
current_hw_device [get_hw_devices xc7a100t_0]
refresh_hw_device -update_hw_probes false [lindex [get_hw_devices xc7a100t_0] 0]
INFO: [Labtools 27-1434] Device xc7a100t (JTAG device index = 0) is programmed with a design that has no supported debug core(s) in it.
set_property PROBES.FILE {/home/zaidtahir/projects/Git_synched_repos/DISL/build/edgetestbed_a100T27_SYN_ILA_Modified_Pre_VIVADO_SIM/edgetestbed_a100T27_SYN_ILA_Modified_Pre_VIVADO_SIM.runs/impl_1/top.ltx} [get_hw_devices xc7a100t_0]
set_property FULL_PROBES.FILE {/home/zaidtahir/projects/Git_synched_repos/DISL/build/edgetestbed_a100T27_SYN_ILA_Modified_Pre_VIVADO_SIM/edgetestbed_a100T27_SYN_ILA_Modified_Pre_VIVADO_SIM.runs/impl_1/top.ltx} [get_hw_devices xc7a100t_0]
set_property PROGRAM.FILE {/home/zaidtahir/projects/Git_synched_repos/DISL/build/edgetestbed_a100T27_SYN_ILA_Modified_Pre_VIVADO_SIM/edgetestbed_a100T27_SYN_ILA_Modified_Pre_VIVADO_SIM.runs/impl_1/top.bit} [get_hw_devices xc7a100t_0]
program_hw_devices [get_hw_devices xc7a100t_0]
INFO: [Labtools 27-3164] End of startup status: HIGH
program_hw_devices: Time (s): cpu = 00:00:07 ; elapsed = 00:00:07 . Memory (MB): peak = 8379.516 ; gain = 0.000 ; free physical = 840 ; free virtual = 3901
refresh_hw_device [lindex [get_hw_devices xc7a100t_0] 0]
INFO: [Labtools 27-2302] Device xc7a100t (JTAG device index = 0) is programmed with a design that has 3 ILA core(s).
ERROR: [Xicom 50-38] xicom: Unable to connect to debug core(s) on the target device. Check cable connectivity and that the target board is powered up then use the disconnect_hw_server and connect_hw_server to re-initialize the hardware target. Use open_hw_target to re-register the hardware device.
ERROR: [Xicom 50-38] xicom: Unable to connect to debug core(s) on the target device. Check cable connectivity and that the target board is powered up then use the disconnect_hw_server and connect_hw_server to re-initialize the hardware target. Use open_hw_target to re-register the hardware device.
ERROR: [Xicom 50-38] xicom: Unable to connect to debug core(s) on the target device. Check cable connectivity and that the target board is powered up then use the disconnect_hw_server and connect_hw_server to re-initialize the hardware target. Use open_hw_target to re-register the hardware device.
ERROR: [Xicom 50-38] xicom: Unable to connect to debug core(s) on the target device. Check cable connectivity and that the target board is powered up then use the disconnect_hw_server and connect_hw_server to re-initialize the hardware target. Use open_hw_target to re-register the hardware device.
ERROR: [Xicom 50-38] xicom: Unable to connect to debug core(s) on the target device. Check cable connectivity and that the target board is powered up then use the disconnect_hw_server and connect_hw_server to re-initialize the hardware target. Use open_hw_target to re-register the hardware device.
refresh_hw_device: Time (s): cpu = 00:00:30 ; elapsed = 00:00:19 . Memory (MB): peak = 8405.074 ; gain = 25.559 ; free physical = 628 ; free virtual = 3691
ERROR: [Common 17-39] 'refresh_hw_device' failed due to earlier errors.
ERROR: [Labtools 27-2269] No devices detected on target localhost:3121/xilinx_tcf/Digilent/210319B26B7BA.
Check cable connectivity and that the target board is powered up then
use the disconnect_hw_server and connect_hw_server to re-register this hardware target.
ERROR: [Labtoolstcl 44-513] HW Target shutdown. Closing target: localhost:3121/xilinx_tcf/Digilent/210319B26B7BA
INFO: [Labtoolstcl 44-466] Opening hw_target localhost:3121/xilinx_tcf/Digilent/210319B26B7BA
INFO: [Labtools 27-2302] Device xc7a100t (JTAG device index = 0) is programmed with a design that has 3 ILA core(s).
